MAP
    IMAGETYPE "PNG"
    EXTENT -12 25 43 50
    SIZE 550 250
    SHAPEPATH "/gdata"
    IMAGECOLOR 255 255 255
    FONTSET "../fonts/fonts.list"
    LAYER
        NAME "states_poly"
        DATA "wcountry.shp"
        STATUS OFF
        TYPE POLYGON
        LABELITEM "NAME"
        CLASS
            NAME "States"
            STYLE
                COLOR 232 232 232
            END
            LABEL
                COLOR 132 31 31
                SHADOWCOLOR 218 218 218
                SHADOWSIZE 2 2
                TYPE TRUETYPE
                FONT "arial-bold"
                SIZE 8
                ANTIALIAS TRUE
                POSITION CC
                PARTIALS FALSE
                MINDISTANCE 300
                BUFFER 4
            END
            LEADER
                GRIDSTEP 40
                MAXDISTANCE 1000
                STYLE
                    COLOR 200 100 100
                    WIDTH 2
                END
            END
        END
    END
    LAYER
        NAME "states_line"
        DATA "wcountry.shp"
        STATUS OFF
        TYPE LINE
        CLASS
            NAME "State Boundary"
            STYLE
                COLOR 132 132 32
            END
        END
    END
END