MAP
    IMAGETYPE "PNG"
    EXTENT -180 -90 180 90
    SIZE 600 300
    SHAPEPATH "/gdata"
    IMAGECOLOR 100 100 100
    WEB
        IMAGEPATH "/tmp/ms_tmp/"
        IMAGEURL "/ms_tmp/"
    END
    PROJECTION
        "init=epsg:4326"
    END
    LAYER
        NAME "wcountry_wfs"
        TYPE POLYGON
        OFFSITE 0 0 0
        STATUS ON
        CONNECTIONTYPE WFS
        CONNECTION "http://127.0.0.1/cgi-bin/mapserv?map=/owg/mfw1.map&"
        METADATA
            "wfs_version" "1.0.0"
            "wfs_srs" "EPSG:4326"
            "wfs_typename" "world-country"
            "wfs_request_method" "GET"
            "wfs_service" "WFS"
            "wfs_maxfeatures" "3"
        END
        PROJECTION
            "init=epsg:4326"
        END
        CLASS
            NAME "The Upper Great Lakes States"
            STYLE
                COLOR 50 50 50
                OUTLINECOLOR 200 200 200
            END
        END
    END
    LAYER
        NAME "states"
        DATA "wcountry.shp"
        STATUS OFF
        TYPE POLYGON
        CLASS
            NAME "The Upper Great Lakes States"
            STYLE
                COLOR 232 232 232
                OUTLINECOLOR 32 32 32
            END
        END
    END
END