MAP

EXTENT         -180 -90 180 90
SIZE 600 300
SHAPEPATH "/gdata"

OUTPUTFORMAT
    NAME GEOTIFF_16
    DRIVER "GDAL/GTiff"
    MIMETYPE "image/tiff"
    IMAGEMODE FLOAT32
    EXTENSION "tif"
END


WEB
    IMAGEPATH '/owg/ms_tmp/'
    IMAGEURL  '/ms_tmp/'
    METADATA
      # "wcs_label"           "WCS Demo" ### required
      # "wcs_description"     "WDC Demo from Mapserver."
      "wcs_onlineresource"  "http://webgis.pub/cgi-bin/mapserv?map=/owg/mfw8.map" ### recommended
      #"wcs_fees"            "none"
      # "wcs_accessconstraints"    "none"
      "wcs_keywordlist"          "wcs,test"
      # "wcs_metadatalink_type"    "TC211"
      # "wcs_metadatalink_format"  "text/plain"
      # "wcs_metadatalink_href"    "http://someurl.com"
      # "wcs_address"              "124 Gilmour Street"
      # "wcs_city"                 "Ottawa"
      # "wcs_stateorprovince"      "ON"
      # "wcs_postcode"             "90210"
      # "wcs_country"              "Canada"
      # "wcs_contactelectronicmailaddress" "blah@blah"
      # "wcs_contactperson"            "me"
      # "wcs_contactorganization"      "unemployed"
      # "wcs_contactposition"          "manager"
      # "wcs_contactvoicetelephone"    "613-555-1234"
      # "wcs_contactfacimiletelephone" "613-555-1235"
      # "wcs_service_onlineresource"   "http://127.0.0.1/cgi-bin/mapserv.exe?"
      "wcs_enable_request"           "*"
    END
  END

  PROJECTION
    "init=epsg:4326"
  END
LAYER
    METADATA

        "WCS_SRS" "EPSG:4326 EPSG:3857 EPSG:27700 EPSG:4258"
        "wcs_keywordlist"          "land, shallow, topo, world"

        # Change above to meet your requirements
        # "wcs_rangeset_name"   "Range 1"  ### required to support DescribeCoverage request
        # "wcs_rangeset_label"  "My Label" ### required to support DescribeCoverage request
        # "wcs_enable_request"           "*"
        # "wcs_label"           "WCS Demo" ### required
        # "wcs_description"     "WCS Demo from Mapserver."
    END
    NAME "world-img"
    DATA "land_shallow_topo_8192.tif"
    STATUS OFF
    TYPE RASTER
    PROJECTION
        "init=epsg:4326"
    END
END
END