MAP
  IMAGETYPE      PNG
  EXTENT         -180 -90 180 90
  SIZE           600 300
  SHAPEPATH      "/gdata"
  IMAGECOLOR     10 10 100

  WEB
      IMAGEPATH '/tmp/'
      IMAGEURL  '/ms_tmp/'

          METADATA
               "wfs_title" "world country"
                "wfs_onlineresource" "http://webgis.pub/cgi-bin/mapserv?map=/owg/mft7.map"
                "wfs_srs" "EPSG:4326"
                "wfs_abstract" "This text describes your wfs service"
                "wfs_enable_request" "*"
                "wms_enable_request" "*"
                'ows_keywordlist' 'world'
                "gml_include_items" "all" #  这个关键词得注意， 不配置的话，默认是没有属性的。
                "gml_featureid"     "OBJECTID" # REQUIRED
    END

  END

  PROJECTION
    "init=epsg:4326"
  END

###########################

SYMBOL
    NAME "circle"
    TYPE ellipse
    FILLED true
    POINTS
        10 10
    END
END

#############################################################

LAYER
    NAME wcity_wfs
    TYPE point
    OFFSITE 0 0 0
    STATUS on
    CONNECTIONTYPE WFS
    CONNECTION "http://webgis.pub/cgi-bin/mapserv?map=/owg/mft2.map&"

    METADATA

        # "wfs_enable_request" "*"
        # "wms_enable_request" "*"
        # "wfs_srs" "EPSG:4326"
        # "wfs_request_method" "GET"
        # "wfs_service" "WFS"
        # "gml_include_items" "all" # Optional (serves all attributes for layer)
        # "gml_featureid"     "OBJECTID" # REQUIRED
        # 添加了下面一行， 则无法显示
        # "wfs_filter" '<PropertyIsNotEqualTo><PropertyName>STATUS</PropertyName><Literal>National capital</Literal></PropertyIsNotEqualTo>'

        "wfs_typename" "world-city"
        "wfs_version" "1.0.0"
        "wfs_connectiontimeout" "60"
        "wfs_maxfeatures" "100"
        "wfs_filter" '<PropertyIsEqualTo><PropertyName>STATUS</PropertyName><Literal>National capital</Literal></PropertyIsEqualTo>'
      END

    PROJECTION
    "init=epsg:4326"
    END

    CLASS
      NAME "cities"
              SYMBOL "circle"
        SIZE 6
        COLOR 255 255 0
    END # States polygon layer ends here

END


##########################################################################################

  LAYER
    NAME         states
    DATA         wcountry.shp
    STATUS       OFF
    TYPE         POLYGON


    METADATA

        "wfs_enable_request" "*"
        "wms_enable_request" "*"
        "wfs_version" "2.0.0"
        "wfs_srs" "EPSG:4326"
        "wfs_typename" "df"
        # "wfs_typename" "worldcountry"
      END

    CLASS
      NAME "The Upper Great Lakes States"


      STYLE
        COLOR        232 232 232
        OUTLINECOLOR 32 32 32
      END
    END
  END
END
