# 使用分类

MAP
EXTENT         -180 -90 180 90
    SIZE 600 300
    SHAPEPATH "/gdata"

    PROJECTION
        "init=epsg:3857"
    END

    LAYER
        PROJECTION
            "init=epsg:3857"
        END
        NAME "nasa-dem"
        DATA "raster/nasa-dem.tif"
        STATUS OFF
        TYPE RASTER

        CLASSITEM "[pixel]"





#1299F8     18 153 248
#1A3700   c  26 55 0
#264D00   c  38 77 0
#2F6504      47 101 4
#2D7417   c  45 116 23
#2B882F   c  43 136 47
#35A648     53 166 72
#55BC64   c  85 188 100
#F1F7B5   c  241 247 181
#FED78D     254 215 141
#F9C550   c  249 197 80
#AF9818   c 175  152  24
#916704   c  145 103    4
#854B4A   c 133 75 74
#CAA6A6   c 202 166 166
#E7E5E5   c  231 229 229

CLASS
    NAME " < 0"
    EXPRESSION ([pixel] <= 0)
    STYLE
      COLOR 18 153 248
    END
  END

   CLASS
    NAME "0 - 100"
    EXPRESSION ([pixel] > 0 AND [pixel] < 100)
    STYLE
      COLOR 26 55 0
    END
  END

  CLASS
    NAME "100 - 200"
    EXPRESSION ([pixel] >= 100 AND [pixel] < 200)
    STYLE
      COLOR 38 77 0
    END
  END

  CLASS
    NAME "200 - 250"
    EXPRESSION ([pixel] >= 200 AND [pixel] < 250)
    STYLE
      COLOR 47 101 4
    END
  END

  CLASS
    NAME "250 - 500"
    EXPRESSION ([pixel] >= 250 AND [pixel] < 500)
    STYLE
      COLOR 45 116 23
    END
  END

  CLASS
    NAME "500 - 750"
    EXPRESSION ([pixel] >= 500 AND [pixel] < 750)
    STYLE
      COLOR 43 136 47
    END
  END

  CLASS
    NAME "750 - 1000"
    EXPRESSION ([pixel] >= 750 AND [pixel] < 1000)
    STYLE
      COLOR 53 166 72
    END
  END

  CLASS
    NAME "1000 - 1500"
    EXPRESSION ([pixel] >= 1000 AND [pixel] < 1500)
    STYLE
      COLOR  85 188 100
    END
  END

  CLASS
    NAME "1500 - 2000"
    EXPRESSION ([pixel] >= 1500 AND [pixel] < 2000)
    STYLE
      COLOR  241 247 181
    END
  END

  CLASS
    NAME "2000 - 3000"
    EXPRESSION ([pixel] >= 2000 AND [pixel] < 3000)
    STYLE
      COLOR 254 215 141
    END
  END

  CLASS
    NAME "3000 - 4000"
    EXPRESSION ([pixel] >= 3000 AND [pixel] < 4000)
    STYLE
      COLOR  249 197 80
    END
  END

  CLASS
    NAME "4000 - 5000"
    EXPRESSION ([pixel] >= 4000 AND [pixel] < 5000)
    STYLE
      COLOR 175  152  24
    END
  END

  CLASS
    NAME " > 5000"
    EXPRESSION ([pixel] >= 5000)
    STYLE
      COLOR  145 103    4
    END
  END



    END
END