# 对不同的输出格式进行说明
# Author: bukun

MAP

     EXTENT -180 -90 180 90
    SIZE 600 300
    SHAPEPATH "/gdata"

  IMAGECOLOR     0 0 255
  FONTSET        "../fonts/fonts.list"
  SYMBOLSET      "../symbols/symbols35.sym"

  IMAGETYPE "PNG24"

#############################################

OUTPUTFORMAT
  NAME "png8"
  DRIVER AGG/PNG8
  MIMETYPE "image/png; mode=8bit"
  IMAGEMODE RGB
  EXTENSION "png"
  FORMATOPTION "QUANTIZE_FORCE=on"
  FORMATOPTION "QUANTIZE_COLORS=256"
  FORMATOPTION "GAMMA=0.75"
END

    OUTPUTFORMAT
        NAME png
        DRIVER "AGG/PNG"
        IMAGEMODE RGB
    END
    OUTPUTFORMAT
        NAME png24
        DRIVER "AGG/PNG"
        IMAGEMODE RGBA
        transparent True
    END
    OUTPUTFORMAT
        NAME jpeg
        DRIVER "AGG/JPEG"
        IMAGEMODE RGB
    END
###################################################
    OUTPUTFORMAT
      NAME "svg"
      DRIVER CAIRO/SVG
      MIMETYPE "image/svg+xml"
      IMAGEMODE RGB
      EXTENSION "svg"
    END

    OUTPUTFORMAT
      NAME "pdf"
      DRIVER CAIRO/PDF
      MIMETYPE "application/x-pdf"
      IMAGEMODE RGB
      EXTENSION "pdf"
    END

    OUTPUTFORMAT
      NAME "cairopng"
      DRIVER CAIRO/PNG
      MIMETYPE "image/png"
      IMAGEMODE RGB
      EXTENSION "png"
    END
###############################################
    OUTPUTFORMAT
        NAME GTiff
        DRIVER "GDAL/GTiff"
        MIMETYPE "image/tiff"
        IMAGEMODE RGB
        EXTENSION "tif"
    END

    # MapServer支持的其他栅格格式包括ESRI弧/信息网，HDF和HDF-EOS，NetCDF的，
    # 通用栅格二进制文件，OGC Web地图服务（WMS）层等几乎你能想到的任何可能是支持的栅格格式，
    # 这要归功于令人印象深刻的地理空间数据抽象库（GDAL，发音为“GOODALL” 或Goodle的）。更多信息GDAL在http://www.gdal.org。

###############################################

  LAYER # 开始图层定义
    NAME "topo"
    DATA         "land_shallow_topo_8192.tif"
    STATUS       OFF
    TYPE       raster
  END # End of LAYER DEFINITIONS

    LAYER # States line layer begins here
        NAME         wcountry-line
        DATA         wcountry.shp
        STATUS       OFF
        TYPE         LINE

        # CLASSITEM    "CLASS"
        CLASS
            NAME       'State Boundary'
            # EXPRESSION 'land'
            STYLE
            SYMBOL     'line5'
                COLOR      255 255 0
                SIZE       1
            END
        END
    END # States line layer ends here
END