# 用于说明 投影
MAP
    IMAGETYPE      PNG24
    # EXTENT       201621.496941 -294488.285333 1425518.020722 498254.511514 # LAEA
    EXTENT         -20042150 -20000000 20104978 20000000
    # #EXTENT         -97.5 41.619778 -82.122902 49.38562 # Geographic
    EXTENT -180 -90 180 90
    SIZE           600 300
    SHAPEPATH      "/gdata"
    SYMBOLSET      "../symbols/symbols35.sym"
    FONTSET        "../fonts/fonts.list"


SCALEBAR
LABEL
COLOR 0 0 0
ANTIALIAS true
SIZE small
END
POSITION lr
INTERVALS 5
STATUS embed
SIZE 144 5
STYLE 0
UNITS miles
BACKGROUNDCOLOR 255 0 0
IMAGECOLOR 255 255 255
COLOR 128 128 128
OUTLINECOLOR 0 0 255
TRANSPARENT off
END


LEGEND
STATUS embed
POSITION UL
IMAGECOLOR 230 230 230
LABEL
TYPE truetype
FONT "arial"
COLOR 0 0 0
SIZE 10
ANTIALIAS true
END
END

    PROJECTION
        # 这是传统的PROJ.4
        # "proj=laea"
        # "ellps=clrk66"
        # "lat_0=45"
        # "lon_0=-100"
        # "init=epsg:2163"
        "init=epsg:4326"
    END # End of the output Projection definition


  LAYER # States polygon layer begins here
    NAME         states
    DATA         wcountry.shp
    STATUS       OFF
    TYPE         POLYGON

    # EPSG：4326代码地理（的LatLong）投影用WGS84数据。
    # 投影对象层对象定义输入投影 - 这是您的数据的本地投影。
    PROJECTION
      "init=epsg:4326"
    END


   # CLASSITEM定义你将使用
    # 的层分离的类的非空间属性。此属性将在你的shape文件中的
    # DBF文件中（每个数据格式会有所不同）。在这种
    # 例如shape文件states_ugl的有一个相关的数据库
    #  （ states_ugl.dbf ） ，其中包含一个被称为“类”的属性。您将
    # 使用两个值中的CLASS属性在这一层分离类（也
    # 称为主题） - 土地和水。 CLASSITEM中使用
    # 与表达参数类对象。见下文。
    # CLASSITEM    "CLASS"


    CLASS
      NAME 'States'
      EXPRESSION 'land'

      # 一个类有不同的风格，就像有一层中有不同的类，
      # 就像在一个地图中有多个层。您可以在一个类中定义多个样式，就像你在一层，可以定义多个类,在一个地图可以定义多个层。
      STYLE
        COLOR      232 232 232
      END
    END
  END # States polygon layer ends here

  LAYER # MODIS raster layer begins here
    NAME         topo
    DATA         "land_shallow_topo_8192.tif"
    STATUS       OFF
    TYPE         RASTER
    PROCESSING   "BANDS=1,2,3"
    # OFFSITE      71 74 65

    PROJECTION
      "init=epsg:4326"
    END
  END # MODIS raster layer ends here

  LAYER # States line layer begins here
    NAME         states
    DATA         wcountry.shp
    STATUS       OFF
    TYPE         LINE

    PROJECTION
      "init=epsg:4326"
    END

    # CLASSITEM    "CLASS"
    CLASS
      NAME       'State Boundary'
      # EXPRESSION 'land'
      STYLE
        SYMBOL     'line5'
        COLOR      255 255 0
        SIZE       1
      END
    END
  END # States line layer ends here

END # All map files must come to an end just as all other things must come to...
