MAP
    IMAGETYPE PNG
    EXTENT -180 -90 180 90
    SIZE 600 300
    SHAPEPATH "/gdata"
    IMAGECOLOR 255 255 255

    LAYER
    # 全球水陆界线
    NAME gshhs_poly
    DATA wearthquake.shp
    STATUS OFF
    TYPE POLYGON

    CLASSITEM    "level"

    CLASS
      NAME       'land'
      EXPRESSION /1|3/
      STYLE
        COLOR    255 204 102
        width 1
      END
    END

    CLASS
      NAME       'lake'
      EXPRESSION '2'
      STYLE
        COLOR    51 102 255
        width 1
      END
    END

    CLASS
        NAME 'States'
        STYLE
        COLOR 232 232 232
        END
    END



    END # States polygon layer ends here
    # 国家多边形层到此为止


#   LAYER # States line layer begins here
#     #线层从这里开始
#     NAME         gshhs_line
#     DATA         pygis/GSHHS_h.shp
#     STATUS       OFF
#     TYPE         LINE
#     CLASS
#       NAME       "State Boundary"
#       STYLE
#         COLOR    132 132 32
#       END
#     END
#   END # States line layer ends here


END # All map files must come to an end just as all other things must come to...
