# 用于说明 比例尺
MAP
    IMAGETYPE      PNG24

    EXTENT -180 -90 180 90
    SIZE           600 300
    SHAPEPATH      "/gdata"
    SYMBOLSET      "../symbols/symbols35.sym"
    FONTSET        "../fonts/fonts.list"


SCALEBAR
LABEL
COLOR 0 0 0
ANTIALIAS true
SIZE small
END
POSITION lr
INTERVALS 3
STATUS embed
SIZE 150 5
STYLE 0
UNITS kilometers
BACKGROUNDCOLOR 255 0 0
IMAGECOLOR 255 255 255
COLOR 128 128 128
OUTLINECOLOR 0 0 255
TRANSPARENT off
END

    PROJECTION
                    "init=epsg:4326"
    END


  LAYER # States polygon layer begins here
    NAME         states
    DATA         wcountry.shp
    STATUS       OFF
    TYPE         POLYGON


    PROJECTION
      "init=epsg:4326"
    END





    CLASS
      NAME 'States'
      EXPRESSION 'land'


      STYLE
        COLOR      232 232 232
      END
    END
  END

  LAYER
    NAME         topo
    DATA         "land_shallow_topo_8192.tif"
    STATUS       OFF
    TYPE         RASTER
    PROCESSING   "BANDS=1,2,3"
    # OFFSITE      71 74 65

    PROJECTION
      "init=epsg:4326"
    END
  END # MODIS raster layer ends here

  LAYER # States line layer begins here
    NAME         states
    DATA         wcountry.shp
    STATUS       OFF
    TYPE         LINE

    PROJECTION
      "init=epsg:4326"
    END

    # CLASSITEM    "CLASS"
    CLASS
      NAME       'State Boundary'
      # EXPRESSION 'land'
      STYLE
        SYMBOL     'line5'
        COLOR      255 255 0
        SIZE       1
      END
    END
  END # States line layer ends here

END # All map files must come to an end just as all other things must come to...
