# The annotated map file (sort of)
# Created by Pericles S. Nacionales for the MapServer tutorial
# 20050623注解的地图文件（排序）由伯里克利S.创建NACIONALES MapServer的教程20050623。
#
# Map files begin with map keyword to signify the start of the map object.
# Well, the entire map file is THE map object.  Enclose between MAP and END 
# at the very bottom of this map file, are keyword/value pairs and other 
# objects.地图文件与地图关键字开头的地图对象意味着开始。那么，整个地图文件是地图对象。括最底部本地图文件，地图和END之间的关键字/值对和其他对象。
MAP
  NAME           EX2_
  IMAGETYPE      png24
  EXTENT         166221 -371954 1505849 632767 # LAEA
  #EXTENT         -97.5 41.619778 -82.122902 49.38562 # Geographic
  SIZE           400 300
  SHAPEPATH      "/gdata/data"
  SYMBOLSET      "../symbols/symbols35.sym"
  FONTSET        "../fonts/fonts.list"

  # When changing any of the mapfile parameters via the web interface, you
  # need to define a TEMPLATEPATTERN.  This is required for security reasons.
  # Since the example filenames in section 2 begin with "example2" (as in
  # example2-1.html or example2-2.html), you can use it as the pattern.  
  # The template pattern is a regular expression used by MapServer to match the 
  # value of map_web_template variable against.当改变任何通过Web界面 MapFile 的参数，你需要定义一个TEMPLATEPATTERN。这是出于安全的需要。由于在第2名的例子“示例2”（例1.HTML例2.HTML），开始时，你可以使用它作为图案。模板模式是由MapServer的使用正则表达式匹配的价值变量map_web_template对。
  TEMPLATEPATTERN 'example2*'


  # The web object is defined at the level below the map object.  All 
  # web-related parameters (I interchange "parameters" and "keyword/value 
  # pairs" quite frequently, sorry about that) are defined in this object.Web对象的定义在地图下方的对象。这个对象中定义的所有网络相关的参数（我交换“参数”和“关键字/值对”相当频繁，我们对此深感抱歉）。
  WEB
    TEMPLATE  'to be replaced by map_web_template variable in section2.html'
 IMAGEPATH '/var/www/ms_tmp/'
     IMAGEURL  '/ms_tmp/'

     METADATA
         "wms_title"           "WMS Demo Server"
         "wms_onlineresource"  "http://192.168.4.211/cgi-bin/mapserv?map=/mstu/htdocs/example2.map&"
         "wms_srs"             "EPSG:4269 EPSG:4326"
       END
  END # Every object in MapServer must have an END.;)地图服务器中的每个对象都必须有一个结束。;)

  
  # The projection object is typically used within the map and the layer 
  # objects. You only define it once within the map object and this definition 
  # becomes your output projection--MapServer will render your maps in this
  # projection.  You also use the projection object within the layer object to
  # define your input projection.  Your layers can be in different 
  # projections--MapServer will reproject them into your output projection.
  # If no projection is defined within the layer object, MapServer assumes 
  # your input projection is the same as your output projection.  This is not
  # a required object unless you're creating a map file that supports one of 
  # the OGC interoperability web services specifications (WMS/WFS/WCS).通常使用的投影对象内的地图和层对象。你只定义一次在地图对象，这个定义成为你的输出投影 - 这一预测的MapServer将呈现您的地图。您也可以使用投影对象层内的对象来定义你的输入投影。你的层可以在不同的预测 - ，MapServer的将它们重新投影到输出投影。层内的对象，如果没有定义投影的MapServer假设您的输入投影输出投影一样。这是不是一个必需的对象，除非你创建一个 MapFile ，支持OGC互操作的Web服务规范（WMS/ WFS/ WCS）。
  PROJECTION
    # Projection parameters can be defined in two ways...
    # This is the traditional Proj.4 definition of Lambert Azimuthal Equal-Area
    # projection for the Continental U.S.
    #  "proj=laea"
    #  "ellps=clrk66"
    #  "lat_0=45"
    #  "lon_0=-100"
    #
    # Alternatively, you can specify an EPSG code.
    # This is the EPSG code for Lambert Azimuthal Equal-Area
    # projection for the U.S.投影参数可以定义在两个方面，这是传统的PROJ.4定义兰勃特方位等面积投影，美国大陆。
    "init=epsg:2163"
  END # This is the ending of the output projection这是输出投影的结局。

  #
  # Start of legend传奇开始
  #
  LEGEND
    KEYSIZE 12 12
    LABEL
      TYPE BITMAP
      SIZE MEDIUM
      COLOR 0 0 89
    END
    STATUS ON
  END
  
  # The reference object is used to define a reference map for your mapping 
  # application.  This typically involves defining a small image that covers 
  # the entire area of the map and defining a box that represents the current 
  # view on in relation to the entire area.参考对象是用来为你的映射应用程序定义一个参考图。这通常涉及到定义一个小的图像，涵盖了整个区域的地图，并限定一个框，表示有关的整个区域上的当前视图。
  REFERENCE
    IMAGE '../images/ugl_ref1.png' # The reference image
    SIZE 155 105 # The size of the reference image in pixels
    EXTENT 201621.496941 -294488.285333 1425518.020722 498254.511514 # The extent of the reference image in map units
    STATUS ON
    MINBOXSIZE 10 # How small can the reference box be before it gets drawn as a point, in pixels
    MAXBOXSIZE 150 # The maximum size of the reference box, in pixels
    COLOR -1 -1 -1 # The reference box fill color, negative numbers mean transparent
    OUTLINECOLOR 128 0 0 # The reference box outline color 
    MARKERSIZE 8 # The size of the point marker
    MARKER 'star' # The marker symbol
  END
  
  # A scalebar object is defined one level below the map object.  This object 
  # controls how a scalebar is drawn by MapServer.  Scalebars can be embedded 
  # in the map itself or can be created as a separate image.  It has an 
  # associated MapServer CGI variable called "scalebar" (or [scalebar] when 
  # used in the HTML template).一个比例尺对象定义地图对象的下一级。这个对象控制如何比例尺绘制地图服务器。可以嵌入在比例尺地图本身，或作为单独的图像，可以创建。它有一个相关的MapServer的CGI变量称为“比例尺”（或[比例尺]在HTML模板中使用时）。
  SCALEBAR
    IMAGECOLOR 255 255 255
    LABEL
      COLOR 0 0 0
      SIZE TINY
    END
    STYLE 1
    SIZE 100 2
    COLOR 0 0 0
    UNITS MILES
    INTERVALS 2
    TRANSPARENT FALSE
    STATUS ON
  END # Scalebar object ends
  

  # Layer objects, too, are defined beneath the map object.  Be mindful of the 
  # order of your layer objects.  MapServer "stacks them" in reverse 
  # order--that is, the last layer you define (at the bottom of the map file) 
  # will be drawn on top and the first layer you define (right after this 
  # comment), will be drawn at the bottom.  Here's my rule: rasters and 
  # polygons are defined first, followed by the line layers. The point and 
  # annotation layers are defined last.  You can play around with the ordering 
  # of your layers until you're satisfied.层对象，也被定义地图下方的对象。留意你的层对象的顺序。MapServer的“栈”以相反的顺序 - 也就是说，最后一层的定义（在地图文件的底部）将被绘制在上面的第一层的定义（此留言后），将绘制在底部。这里是我的规则：定义多边形栅格和第一，其次是线层。点和注释层的最后定义。你可以玩的排序层，直到你满意为止。
  
  # Start of LAYER DEFINITIONS 层定义开始---------------------------------------------
  LAYER # States polygon layer begins here
    NAME         states
    DATA         states_ugl
    STATUS       DEFAULT
    TYPE         POLYGON
    REQUIRES     "![modis] OR ![modis_jpl]"

     METADATA
    "wms_title" "test2"

    END

    # Here's an example of the input projection definition.
    # EPSG:4326 is code for geographic (latlong) projection 
    # using the WGS84 datum下面是一个例子输入投影定义。EPSG：4326是地理位置（经纬度）投影用WGS84数据的代码。
    PROJECTION
      "init=epsg:4326"
    END

    CLASSITEM    "CLASS"
    
    # The class object is defined within the layer object.  You can define as
    # many classes as you need (well, there are limits, but it's senseless to 
    # define more than ten on a "normal" layer.  There are situations, 
    # however, where you might have to do it.)类对象的定义层内的对象。你需要（很好，有限制，但它是毫无意义的定义十余一个“正常”层，有一些情况，您可以定义很多类，但是，你可能不得不这样做。）
    CLASS
      EXPRESSION 'land'
      
      # There are styles in a class, just like there are classes in a layer, 
      # just like there are layers in a map. 有一类的风格，就像有一层中的类，就像是在一个地图中的层。
      STYLE
        SYMBOL     0
        COLOR      232 232 232
      END # And they all must come to an end.
    END # End of this class.
  END # States polygon layer ends here

  LAYER # MODIS raster layer begins here
    NAME         topo
    DATA         "raster/mod09a12003161_ugl_ll_idxa.tif"
    STATUS       OFF
    TYPE         RASTER
    OFFSITE      70 74 66 #167 151 152

    PROJECTION
      "init=epsg:4326"
    END
  END # MODIS raster layer ends here

  LAYER # MODIS WMS map from JPL (or from USGS)
    NAME         modis_jpl
    TYPE         RASTER
    OFFSITE      0 0 0
    STATUS       OFF
    CONNECTIONTYPE     WMS 
    CONNECTION "http://wms.jpl.nasa.gov/wms.cgi?"

    METADATA
      "wms_srs" "EPSG:4326"
      "wms_name" "daily_terra" #"global_mosaic" "daily_aqua"
      "wms_server_version" "1.1.1"
      "wms_format" "image/jpeg"
    END

    PROJECTION
      "init=epsg:4326"
    END
  END # MODIS WMS image ends here

  LAYER # Hydrography layer begins here
    NAME hydro
    TYPE POLYGON
    STATUS OFF
    DATA hydrop_ugl

    PROJECTION
      "init=epsg:4326"
    END

    CLASSITEM 'FEATURE'
    CLASS
      NAME 'Lakes'
      EXPRESSION /(^B|^C|^L|^R)./
      STYLE
        COLOR 72 64 254
      END
    END  # CLASS
    CLASS
      NAME 'Rivers'
      EXPRESSION 'Stream'
      STYLE
        COLOR 136 128 255
      END
    END  # CLASS
    CLASS
      NAME 'Wetlands'
      EXPRESSION 'Swamp or Marsh'
      STYLE
        COLOR 195 252 255
        OUTLINECOLOR 195 252 255
        SYMBOL 'circle'
        SIZE 0
      END
    END  # CLASS
  END  # LAYER

  LAYER # ROADS LAYER
    NAME cty_roads
    GROUP roads
    TYPE LINE
    STATUS OFF
    DATA roads_ugl
    MAXSCALE 750000

    PROJECTION
      "init=epsg:4326"
    END

    CLASSITEM 'CLASS1'
    CLASS
      NAME 'Minor Arterial Roads'
      EXPRESSION '3'
      STYLE
        COLOR 165 165 165
      END
    END  # CLASS
    CLASS
      EXPRESSION '4'
      STYLE
        COLOR 210 210 210
      END
    END  # CLASS分类
  END  # ROADS LAYER道路图层

  LAYER # state highways begin here国家公路从这里开始
    NAME state_hwy
    GROUP roads
    MAXSCALE 1500000
    STATUS OFF
    DATA roads_ugl
    TYPE LINE
    FILTERITEM 'CLASS1'
    FILTER '2'

    CLASS
      NAME 'Principal Arterial Roads'
      STYLE
        COLOR 255 0 0
        SIZE 1
        SYMBOL 'circle'
      END
    END

    PROJECTION
      "init=epsg:4326"
    END
  END # highways公路

  LAYER # interstate highways begin here州际公路从这里开始
    NAME interstate
    GROUP roads
#    MAXSCALE 22500000
    STATUS OFF
    DATA roads_ugl
    TYPE LINE
    FILTERITEM 'CLASS1'
    FILTER '1'

    CLASS
      NAME "Interstate Hwy."
      STYLE
        COLOR 128 0 0
      END
    END

    PROJECTION
      "init=epsg:4326"
    END
  END # highways公路
  
  LAYER # States line layer begins here美国线层从这里开始
    NAME         states
    DATA         states_ugl
    STATUS       OFF
    TYPE         LINE

    PROJECTION
      "init=epsg:4326"
    END

    CLASSITEM    "CLASS"
    CLASS
      NAME       'State Boundary'
      EXPRESSION 'land'
      STYLE
        SYMBOL     'line5'
        COLOR      32 32 32
        SIZE       1
      END
    END
  END # States line layer ends here美国线层到此为止

  LAYER
    NAME roads_anno
    GROUP roads
    MAXSCALE 750000
    STATUS OFF
    DATA roads_ugl
    TYPE ANNOTATION
    LABELITEM "SIGN"
    CLASSITEM "CLASS1"
    CLASS
      EXPRESSION "3"
      STYLE
        COLOR 0 0 0 # dummy color
        SYMBOL '../symbols/sthwy.png'
      END
      LABEL
        MINFEATURESIZE 50
        MINDISTANCE 150
        POSITION CC
        SIZE TINY
        COLOR 0 0 0
      END
    END
    CLASS
      EXPRESSION "2"
      STYLE
        COLOR 0 0 0 # dummy color
        SYMBOL '../symbols/ushwy.png'
      END
      LABEL
        MINFEATURESIZE 50
        MINDISTANCE 150
        POSITION CC
        SIZE TINY
        COLOR 0 0 0
      END
    END

    PROJECTION
      "init=epsg:4326"
    END
  END # highway annotation

  LAYER
    NAME roads_anno1
    GROUP roads
    STATUS OFF
    DATA roads_ugl
    TYPE ANNOTATION
    LABELITEM "SIGN"
    CLASSITEM "CLASS1"
    CLASS
      EXPRESSION "1"
      STYLE
        COLOR 0 0 0 # dummy color
        SYMBOL '../symbols/interstate.png'
      END
      LABEL
        MINFEATURESIZE 20
        MINDISTANCE 150
        POSITION CC
        SIZE TINY
        COLOR 255 255 255
      END
    END

    PROJECTION
      "init=epsg:4326"
    END
  END

  LAYER # States label layer begins here美国标签层从这里开始
    NAME         states
    DATA         states_ugl
    STATUS       OFF
    TYPE         ANNOTATION

    PROJECTION
      "init=epsg:4326"
    END

    CLASSITEM    "CLASS"
    LABELITEM    "STATE"
    CLASS
      EXPRESSION 'land'
      STYLE
        COLOR      -1 -1 -1
      END
      LABEL
        COLOR 132 31 31
        OUTLINECOLOR 128 128 128
        SHADOWCOLOR 218 218 218
        SHADOWSIZE 1 1
        TYPE TRUETYPE
        FONT arial-bold
        SIZE 12
        ANTIALIAS TRUE
        POSITION CL
        PARTIALS FALSE
        MINDISTANCE 200
        BUFFER 4
      END # end of label标签结束
    END # end of class分类结束
  END # States label layer ends here美国标签层到此为止
  # End of LAYER DEFINITIONS层定义结束 -------------------------------

END # end of map file地图文件结束
