MAP
    IMAGETYPE PNG
    EXTENT -180 -90 180 90
    SIZE 600 300
    SHAPEPATH "/gdata"
    IMAGECOLOR 255 255 255
    FONTSET "../fonts/fonts.list"


    TEMPLATEPATTERN 'tmpl-*'

LEGEND
     KEYSIZE 12 12
     LABEL
         TYPE BITMAP
         SIZE MEDIUM
         COLOR 0 0 89
     END
     STATUS ON
 END

  SYMBOL
        NAME "star"
        TYPE VECTOR
        FILLED TRUE
        POINTS
            0 0.375
            0.35 0.375
            0.5 0
            0.65 0.375
            1 0.375
            0.75 0.625
            0.875 1
            0.5 0.75
            0.125 1
            0.25 0.625
        END
    END

 REFERENCE
    IMAGE '../images/worldref.png'
    SIZE 300 150  # 实际的大小
    EXTENT -180 -90 180 90
    STATUS ON
    MINBOXSIZE 30
    MAXBOXSIZE 150  # 与实际大小作参考
    COLOR 255 255 0
    OUTLINECOLOR 255 50 50
    MARKERSIZE 30
    MARKER 'star'
  END



  SCALEBAR
    IMAGECOLOR 255 255 255
    LABEL
      COLOR 0 0 0
      SIZE TINY
    END
    STYLE 1

    SIZE 160 2
            COLOR 0 0 0
            UNITS kilometers


    INTERVALS 2
    TRANSPARENT FALSE
    STATUS ON
  END # Scalebar object ends


    WEB
    TEMPLATE  'to be replaced by map_web_template variable in section2.html'
        IMAGEPATH '/owg/ms_tmp/'
        IMAGEURL  '/ms_tmp/'

        METADATA
         "wms_title"           "WMS Demo Server"
         "wms_onlineresource"  "http://192.168.4.211/cgi-bin/mapserv?map=/mstu/htdocs/example2.map&"
         "wms_srs"             "EPSG:3857 EPSG:4326"
        END
    END


LAYER
    NAME         land
    DATA         "land_shallow_topo_8192.tif"
    STATUS       OFF
    TYPE         RASTER
  END

  LAYER
        NAME "topo"
        TYPE RASTER
        CONNECTIONTYPE WMS
        CONNECTION "http://wcs.osgeo.cn:8088/service?"
        METADATA
            "wms_srs" "EPSG:4326"
            "wms_name" "maplet_i887"
            "wms_server_version" "1.1.1"
            "wms_format" "image/jpeg"
        END
        PROJECTION
            "init=epsg:4326"
        END
    END

    LAYER # States polygon layer begins here
    # 国家多边形层从这里开始
    NAME states_poly
    DATA wcountry.shp
    STATUS OFF
    TYPE POLYGON



    LABELITEM 'NAME'


    CLASS
    NAME 'States'



    STYLE
    COLOR 232 232 232
    END


    END


    END # States polygon layer ends here
    # 国家多边形层到此为止


  LAYER # States line layer begins here
    #线层从这里开始
    NAME         states_line
    DATA         wcountry.shp
    STATUS       OFF
    TYPE         LINE

    CLASS
      NAME       "State Boundary"
      STYLE
        COLOR    132 132 32
      END
    END
  END # States line layer ends here

  LAYER
    # 河流
    NAME         wriver
    DATA         wriver.shp
    STATUS       OFF
    TYPE         LINE

    CLASS
      NAME       "World River"
      STYLE
        COLOR    0 0 255
      END
    END
  END # States line layer ends here

  LAYER
    # 道路
    NAME         wroads
    DATA         wroads.shp
    STATUS       OFF
    TYPE         LINE

    CLASS
      NAME       "World Road"
      STYLE
        COLOR    100 200 100
      END
    END
  END # States line layer ends here

END # All map files must come to an end just as all other things must come to...
