MAP
    IMAGETYPE "PNG24"
    EXTENT -180 -90 180 90
    SIZE 600 300
    SHAPEPATH "/gdata"
    IMAGECOLOR 255 255 255
    FONTSET "../fonts/fonts.list"
    SYMBOLSET "../symbols/symbols35.sym"
    LAYER
        NAME "topo"
        DATA "land_shallow_topo_8192.tif"
        STATUS OFF
        TYPE RASTER
        PROCESSING "BANDS=1,2,3"
        OFFSITE 71 74 65
    END
    LAYER
        NAME "states_line"
        DATA "wcountry.shp"
        STATUS OFF
        TYPE LINE
        CLASS
            NAME "State Boundary"
            STYLE
                SYMBOL "line5"
                COLOR 255 255 0
                SIZE 1
            END
        END
    END
    LAYER
        NAME "grid"
        METADATA
            "description" "Grid"
        END
        TYPE LINE
        STATUS ON
        CLASS
            NAME "Graticule"
            LABEL
                COLOR 255 0 0
                FONT "arial-bold"
                TYPE TRUETYPE
                SIZE 8
                POSITION AUTO
                PARTIALS FALSE
                BUFFER 2
                OUTLINECOLOR 255 255 255
            END
        END
        PROJECTION
            "init=epsg:4326"
        END
        GRID
            LABELFORMAT DD
        END
    END
END