MAP
# This is our third map file
NAME "third"
UNITS DD
EXTENT -180.00 0.00 -60.00 90.00
SIZE 640 480
IMAGECOLOR 189 202 222
IMAGETYPE PNG

SHAPEPATH "/gdata/data_book"
# FONTSET "/var/www/htdocs/fontset.txt"
FONTSET "../fonts/fonts.list"

##################################### 
# Symbol for drawing fat lines
#
SYMBOL
     NAME "BigLine"
     TYPE ELLIPSE
     POINTS 1 1 END
END

##################################### 
# Symbol for drawing dashed lines
#
SYMBOL
     NAME "DashedLine"
     TYPE ELLIPSE
     POINTS 1 1 END
     # STYLE 10 10 END
END

##################################### 
# Symbol for drawing spots
#
SYMBOL
     NAME "Circle"
     FILLED true
     TYPE ellipse
     POINTS 1 1 END
END

##################################### 
# Web object
#
WEB
     TEMPLATE "/owg/mb_third.html"
     IMAGEPATH "/owg/ms_tmp/"
     IMAGEURL "/ms_tmp/"
END

##################################### 
# Reference map
#
REFERENCE
     IMAGE "/owg/mb_third_usaref.gif"
     SIZE 300 225
     EXTENT -180.00 0.00 -60.00 90.00
     STATUS ON
     COLOR -1 -1 -1
     OUTLINECOLOR 255 0 0
END

##################################### 
# Scalebar
#
SCALEBAR
     LABEL
          COLOR 0 0 0 
          ANTIALIAS true
          SIZE small
     END
     POSITION lr
     INTERVALS 5
     STATUS embed
     SIZE 144 5
     STYLE 0
     UNITS miles
     BACKGROUNDCOLOR 255 0 0
     IMAGECOLOR 255 255 255
     COLOR 128 128 128     
     OUTLINECOLOR 0 0 255
     TRANSPARENT off
END

##################################### 
# Legend
#
LEGEND
     STATUS on
     IMAGECOLOR 230 230 230
     LABEL
          TYPE truetype
          FONT "arial"
          COLOR 0 0 0
          SIZE 10
          ANTIALIAS true
     END
END

##################################### 
# State boundaries layer - polygon (for shading)
#
LAYER
     NAME "states"
     DATA "statesp020"
     STATUS on
     TYPE polygon
     LABELCACHE on
     LABELITEM "STATE"
     CLASS
          STYLE
               COLOR 255 246 189
          END
     END
END

##################################### 
# State boundaries layer - line (for fat boundary)
#
LAYER
     NAME "states"
     DATA "statesp020"
     STATUS on
     TYPE line
     LABELCACHE on
     LABELITEM "STATE"
     CLASS
          NAME "State Line"
          STYLE
               SYMBOL "BigLine"
               SIZE 2
               COLOR 0 0 0
          END
     END
END

##################################### 
# Urban areas layer
#
LAYER
     NAME "urbanareas"
     DATA "urbanap020"
     STATUS on
     TYPE polygon
     LABELCACHE on
     LABELITEM "NAME"
     MAXSCALE 1999999
     CLASS
          STYLE
               COLOR 212 192 100
               OUTLINECOLOR 0 0 0
          END
          LABEL
               TYPE truetype
               # FONT "arialbd"
               SIZE 10
               OUTLINECOLOR 255 255 255
               COLOR 0 0 0
               POSITION auto
          END
     END
END

##################################### 
# hydrographic layer - lakes
#
LAYER
     NAME "lakes"
     DATA "hydrogp020"
     STATUS on
     TYPE polygon
     LABELCACHE on
     LABELITEM "NAME"
     CLASSITEM "FEATURE"
     CLASS
          EXPRESSION ('[FEATURE]' eq 'Lake')
          STYLE
               SIZE 1
               COLOR 189 202 222
               OUTLINECOLOR 0 0 0
          END
          LABEL
               TYPE truetype
               FONT "arial"
               SIZE 8
               OUTLINECOLOR 255 255 255
               COLOR 0 0 0
               MINDISTANCE 100
               POSITION lr
               MINFEATURESIZE auto
               WRAP ' '
          END
     END
END

##################################### 
# Road layer - interstates only at large scale
#
LAYER
     NAME "interstate1"
     GROUP "roads"
     DATA "roadtrl020"
     STATUS on
     TYPE line
     LABELCACHE on
     LABELITEM "NAME"
     CLASSITEM "FEATURE"
     MINSCALE 7500001
     CLASS
          NAME "Interstate Hwy"
          EXPRESSION /Limited Access*/
          STYLE
               SYMBOL "BigLine"
               SIZE 1
               COLOR 0 0 0
          END
          LABEL
               TYPE truetype
               FONT "arial"
               SIZE 8
               OUTLINECOLOR 255 255 255
               COLOR 0 0 0
               MINDISTANCE 200
               POSITION auto
               ANGLE auto
               MINFEATURESIZE 50
          END
     END
END

##################################### 
# Road layer - interstates only
#
LAYER
     NAME "interstate2"
     GROUP "roads"
     DATA "roadtrl020"
     STATUS on
     TYPE line
     LABELCACHE on
     LABELITEM "NAME"
     CLASSITEM "Feature"
     MAXSCALE 7500000
     CLASS
          NAME "Interstate Hwy"
          EXPRESSION /Limited Access*/
          STYLE
               SYMBOL "BigLine"
               SIZE 3
               COLOR 0 0 0
          END
          # OVERLAYSYMBOL "DashedLine"  # 已经不再支持
          # OVERLAYSIZE 1
          # OVERLAYCOLOR 255 255 255
#         TEXT ([FEATURE],[NAME])
          LABEL
               TYPE truetype
               FONT "arial"
               SIZE 8
               OUTLINECOLOR 255 255 255
               COLOR 0 0 0
               MINDISTANCE 200
               POSITION auto
               ANGLE auto
               MINFEATURESIZE 50
               WRAP ' '
          END
     END
END

##################################### 
# Road layer -  principal highways
#
LAYER
     NAME "principal"
     GROUP "roads"
     DATA "roadtrl020"
     STATUS on
     TYPE line
     LABELCACHE on
     LABELITEM "NAME"
     CLASSITEM "Feature"
     MAXSCALE 4000000
     CLASS
          NAME "Principal Hwy"
          EXPRESSION /Principal Highway*/
          STYLE
               SYMBOL "BigLine"
               SIZE 3
               COLOR 197 129 65
          END
          # OVERLAYSYMBOL "DashedLine" # 已经不再支持
          # OVERLAYSIZE 1
          # OVERLAYCOLOR 255 255 255
#         TEXT ([FEATURE],[NAME])
          LABEL
               TYPE truetype
               FONT "arial"
               MINFEATURESIZE 50
               MINDISTANCE 100
               ANGLE auto
               COLOR 0 0 0
               SIZE 8
          END
     END
END

##################################### 
# Road layer -  other through highways
#
LAYER
     NAME "thru"
     GROUP "roads"
     DATA "roadtrl020"
     STATUS on
     TYPE line
     LABELCACHE on
     LABELITEM "NAME"
     CLASSITEM "Feature"
     MAXSCALE 1000000
     CLASS
          NAME "Through Hwy"
          EXPRESSION /Other Through*/
          STYLE
               SYMBOL "BigLine"
               SIZE 3
               COLOR 197 129 65
          END
          # OVERLAYSYMBOL "DashedLine" # 已经不再支持
          # OVERLAYSIZE 1
          # OVERLAYCOLOR 0 255 0
          LABEL
               TYPE truetype
               FONT "arial"
               MINFEATURESIZE 100
               MINDISTANCE 100
               ANGLE auto
               COLOR 0 0 0
               SIZE 8
          END
     END
END

##################################### 
# Road layer -  other highways
#
LAYER
     NAME "other"
     GROUP "roads"
     DATA "roadtrl020"
     STATUS on
     TYPE line
     LABELCACHE on
     LABELITEM "NAME"
     CLASSITEM "FEATURE"
     MAXSCALE 500000
     CLASS
          NAME "Other Hwy"
          EXPRESSION /Other Highway*/
          STYLE
               SYMBOL "BigLine"
               SIZE 2
               COLOR 197 129 65
          END
          LABEL
               TYPE truetype
               FONT "arial"
               ANGLE auto   # requires ttfonts
               MINFEATURESIZE 100
               MINDISTANCE 100
               ANGLE auto
               COLOR 0 0 0
               SIZE 6
          END
     END
END

##################################### 
# Hydrographic layer - streams & rivers
#
LAYER
     NAME "rivers"
     DATA "hydrogl020"
     STATUS DEFAULT
     TYPE line
     LABELCACHE on
     LABELITEM "NAME"
     CLASSITEM "FEATURE"
     MAXSCALE 1000000
     CLASS
          EXPRESSION ('[FEATURE]' eq 'Stream')
          STYLE
               SYMBOL "BigLine"
               SIZE 1
               COLOR 156 182 205
          END
          LABEL
               TYPE truetype
               FONT "arial"
               COLOR 0 0 0
               ANGLE auto
               SIZE 7
               ANTIALIAS true
          END
     END
END

##################################### 
# Cities layer - State capitals and cities pop. > 1000000
# 
LAYER
     NAME "majorcities"
     DATA "citiesx020"
     STATUS default
     TYPE point
     LABELITEM "NAME"
     LABELCACHE on
     LABELMAXSCALE 15000000
     CLASSITEM "FEATURE"
     MINSCALE 2000000
     CLASS
          NAME "State Capitals"
          EXPRESSION /State*/
          STYLE
               SYMBOL "Circle"
               SIZE 6
               COLOR 0 255 0
          END
          LABEL
               TYPE truetype
               # FONT "arialbd"
               SIZE 9
               POSITION auto
               OUTLINECOLOR 255 255 255
               COLOR 0 0 0
          END
     END
     CLASS
          EXPRESSION ([Pop_2000] > 1000000)
          NAME "Major Cities"
          STYLE
               SYMBOL "Circle"
               SIZE 10
               COLOR 255 0 0
          END
          LABEL
               TYPE truetype
               # FONT "arialbd"
               SIZE 10
               OUTLINECOLOR 255 255 255
               COLOR 0 0 0
               POSITION auto
          END
     END
END

##################################### 
# Cities layer - Large cities, pop. < 1000000
# 
LAYER
     NAME "largecities"
     DATA "citiesx020"
     STATUS default
     TYPE point
     LABELCACHE on
     LABELITEM "NAME"
     MINSCALE 2000000
     CLASS
          EXPRESSION(([Pop_2000]>100000)and([Pop_2000]<=1000000))
          NAME "Cities"
          STYLE
               SYMBOL "Circle"
               SIZE 4
               COLOR 255 0 0
               BACKGROUNDCOLOR 255 0 0
          END
          LABEL
               TYPE truetype
               # FONT "arialbd"
               SIZE 8
               POSITION auto
               OUTLINECOLOR 255 255 255
               COLOR 0 0 0
          END
     END
END

##################################### 
# City layer - Cities 
LAYER
     NAME "cities"
     DATA "citiesx020"
     STATUS default
     TYPE point
     LABELCACHE on
     LABELITEM "NAME"
     LABELMAXSCALE 500000
     MAXSCALE 2000000
     CLASS
          NAME "Small Cities"
          EXPRESSION ([Pop_2000] < 100000)
          STYLE
               SYMBOL "Circle"
               SIZE 3
               COLOR 255 0 0
          END
          LABEL
               TYPE truetype
               # FONT "arialbd"
               SIZE 7
               POSITION auto
               OUTLINECOLOR 255 255 255
               COLOR 0 0 0
          END
     END
END

##################################### 
# State boundaries layer - annotation (for labels)
#
LAYER
     NAME "states"
     DATA "statesp020"
     STATUS on
     TYPE polygon
     LABELCACHE on
     LABELITEM "STATE"
     LABELMINSCALE 2000000
     CLASS
          LABEL
               TYPE truetype
               # FONT "arialbd"
               SIZE 14			
               OUTLINECOLOR 255 255 255
               COLOR 0 0 0
               MINDISTANCE 200
               MINFEATURESIZE 10
          END
     END
END
END # mapfile