MAP
    IMAGETYPE "PNG"
    EXTENT -180 -90 180 90
    SIZE 600 300
    SHAPEPATH "/gdata"
    IMAGECOLOR 255 255 255
    PROJECTION
        "init=epsg:4326"
    END
    WEB
        TEMPLATE "tmpl_ogc.html"
        IMAGEPATH "/owg/ms_tmp/"
        IMAGEURL "/ms_tmp/"
        METADATA
            "wms_title" "WMS Demo Server"
            "wms_version" "1.3.0"
            "wms_onlineresource" "http://webgis.pub/cgi-bin/mapserv?map=/owg/mfb8&"
            "wms_srs" "EPSG:4326"
            "wms_enable_request" "*"
            "ows_enable_request" "*"
            "wms_feature_info_mime_type" "text/html"
            "wms_format" "image/png"
        END
    END
    LAYER
        NAME "topo_wms"
        TYPE RASTER
        OFFSITE 0 0 0
        STATUS ON
        CONNECTIONTYPE WMS
        CONNECTION "http://webgis.pub/cgi-bin/mapserv?map=/owg/mfb2.map"
        METADATA
            "wms_srs" "EPSG:4326"
            "wms_name" "topo"
            "wms_server_version" "1.1.1"
            "wms_format" "image/png"
        END
        PROJECTION
            "init=epsg:4326"
        END
    END
    LAYER
        NAME "states"
        DATA "wcountry.shp"
        STATUS OFF
        TYPE POLYGON
        CLASS
            NAME "The Upper Great Lakes States"
            STYLE
                COLOR 232 232 232
                OUTLINECOLOR 32 32 32
            END
        END
    END
END