MAP
    IMAGETYPE PNG
    EXTENT -180 -90 180 90
    SIZE 600 300
    SHAPEPATH "/gdata"
    IMAGECOLOR 255 255 255
    FONTSET "../fonts/fonts.list"


    TEMPLATEPATTERN 'example-p*'


LEGEND
     KEYSIZE 12 12
     LABEL
         TYPE BITMAP
         SIZE MEDIUM
         COLOR 0 0 89
     END
     STATUS ON
 END


 REFERENCE
    IMAGE '../images/worldref.png' # The reference image
    SIZE 155 105 # The size of the reference image in pixels
    EXTENT -180 -90 180 90 # The extent of the reference image in map units
    STATUS ON
    MINBOXSIZE 10 # How small can the reference box be before it gets drawn as a point, in pixels
    MAXBOXSIZE 150 # The maximum size of the reference box, in pixels
    COLOR -1 -1 -1 # The reference box fill color, negative numbers mean transparent
    OUTLINECOLOR 128 0 0 # The reference box outline color
    MARKERSIZE 8 # The size of the point marker
    MARKER 'star' # The marker symbol
  END



 # A scalebar object is defined one level below the map object.  This object
  # controls how a scalebar is drawn by MapServer.  Scalebars can be embedded
  # in the map itself or can be created as a separate image.  It has an
  # associated MapServer CGI variable called "scalebar" (or [scalebar] when
  # used in the HTML template).一个比例尺对象定义地图对象的下一级。这个对象控制如何比例尺绘制地图服务器。可以嵌入在比例尺地图本身，或作为单独的图像，可以创建。它有一个相关的MapServer的CGI变量称为“比例尺”（或[比例尺]在HTML模板中使用时）。
  SCALEBAR
    IMAGECOLOR 255 255 255
    LABEL
      COLOR 0 0 0
      SIZE TINY
    END
    STYLE 1
    SIZE 100 2
    COLOR 0 0 0
    UNITS MILES
    INTERVALS 2
    TRANSPARENT FALSE
    STATUS ON
  END # Scalebar object ends




  # The web object is defined at the level below the map object.  All
  # web-related parameters (I interchange "parameters" and "keyword/value
  # pairs" quite frequently, sorry about that) are defined in this object.
  #Web对象的定义在地图对象的下方。在这个对象中定义了所有网络相关的参数（我交换“参数”和“关键字/值组”相当频繁，我们对此深感抱歉）
  WEB
    HEADER    '../maptmpl/example3_header.html'
    FOOTER    '../maptmpl/example3_footer_querymap.html'
    TEMPLATE  'to be replaced by map_web_template variable in section3.html'
    IMAGEPATH '/owg/ms_tmp/'
    IMAGEURL  '/ms_tmp/'

    METADATA
         "wms_title"           "WMS Demo Server"
         "wms_onlineresource"  "http://192.168.4.211/cgi-bin/mapserv?map=/mstu/htdocs/example2.map&"
         "wms_srs"             "EPSG:3857 EPSG:4326"
        END

  END




  #
  # A querymap object is used to highlight, or make prominent, the features on a
  # map selected via a query or nquery request.   This means you can display
  # your query results and a map showing the features selected for the query.
  # 通过一次查询或多次查询请求，querymap对象被用来突出或突显所选地图的特色。
  # 这意味着您可以显示您的查询结果和地图查询显示选择功能
  QUERYMAP
     SIZE 200 150
     STATUS ON
     STYLE HILITE  # SELECTED | NORMAL
     COLOR 255 0 0
  END



#     WEB
#     TEMPLATE  'to be replaced by map_web_template variable in section2.html'
#         IMAGEPATH '/owg/ms_tmp/'
#         IMAGEURL  '/ms_tmp/'
#
#
#     END


    LAYER # MODIS raster layer begins here
    NAME         topo
    DATA         "land_shallow_topo_8192.tif"
    STATUS       OFF
    TYPE         RASTER
    PROCESSING   "BANDS=1,2,3"
    OFFSITE      71 74 65
  END # MODIS raster layer ends here


  LAYER
        NAME "modis_jpl"
        TYPE RASTER
        OFFSITE 0 0 0
        STATUS OFF
        CONNECTIONTYPE WMS
        CONNECTION "http://wcs.osgeo.cn:8088/service?"
        METADATA
            "wms_srs" "EPSG:4326"
            "wms_name" "maplet_i887"
            "wms_server_version" "1.1.1"
            "wms_format" "image/jpeg"
        END
        PROJECTION
            "init=epsg:4326"
        END
    END

    LAYER # States polygon layer begins here
        # 国家多边形层从这里开始
        NAME states_poly
        GROUP states
        DATA wcountry.shp
        STATUS ON
        TYPE POLYGON


        LABELITEM 'NAME'

            # The HEADER and FOOTER keywords within a layer object is used to define the
    # header and footer templates for the TEMPLATE keyword used in the CLASS
    # object.  Uncomment the two lines below and look at the template files
    # themselves to see how they work.
    #图层对象内页眉和页脚的关键字是用来为CLASS对象中使用的TEMPLATE关键词来定义页眉和页脚模板。取消对下面两行，并看看模板文件它们是如何工作的。
    HEADER '../maptmpl/states_header.html'
    FOOTER '../maptmpl/states_footer.html'

        # The keyword TOLERANCE provides a measure of sensitivity for point-based
    # queries.  In this example, a mouse-click will have a radius of 3 pixels.
    # TOLERANCE has an associated keyword, TOLERANCEUNITS.  When TOLERANCEUNITS
    # isn't defined, MapServer assumes the units to be pixels.
    #关键字TOLERANCE提供了一个以点为基础查询的灵敏度测量。在这个例子中，点击鼠标，将有一个半径为3像素的圆.TOLERANCE有一个关联的关键字，TOLERANCEUNITS。当TOLERANCEUNITS没有定义，假定MapServer单位是像素。
    TOLERANCE 3


        CLASS
        NAME 'the States'

        # The TEMPLATE keyword within a CLASS object is used to define the
        # HTML query template to use in displaying database records when the
        # query or nquery mode in MapServer is invoked.
        #在CLASS中TEMPLATE关键字是用来定义HTML查询模板，以用作显示数据库记录，当在MapServer中调用来查询或多次查询模式时
        TEMPLATE '../maptmpl/states_query.html'

        STYLE

        COLOR 232 232 232
        outlinecolor 132 132 32
        END
        END

    END # States polygon layer ends here
    # 国家多边形层到此为止


  LAYER # States line layer begins here
    #线层从这里开始
    NAME         states_line
    DATA         wcountry.shp
    STATUS       OFF
    TYPE         LINE

    CLASS
      NAME       "State Boundary"
      STYLE
        COLOR    132 132 32
      END
    END
  END # States line layer ends here

  LAYER
    # 河流
    NAME         wriver
    DATA         wriver.shp
    STATUS       OFF
    TYPE         LINE

    CLASS
      NAME       "World River"
      STYLE
        COLOR    0 0 255
      END
    END
  END # States line layer ends here

  LAYER
    # 道路
    NAME         wroads
    DATA         wroads.shp
    STATUS       OFF
    TYPE         LINE

    CLASS
      NAME       "World Road"
      STYLE
        COLOR    100 200 100
      END
    END
  END # States line layer ends here

END # All map files must come to an end just as all other things must come to...
