
MAP
  IMAGETYPE      PNG
  EXTENT         -180 -90 180 90
  SIZE           600 300
  SHAPEPATH      "/gdata"
  IMAGECOLOR     255 255 255



  LAYER# 国家多边形层从这里开始
    NAME         states_poly
    DATA         wcountry.shp
    STATUS       OFF
    TYPE         POLYGON

    CLASSITEM    "NAME"


    CLASS
      NAME 'China'

      # Only polygons where "CLASS" = 'land' will be drawn.
      EXPRESSION 'CHINA'

      # 您可以定义多个样式在一类中，就像你在一层，可以定义多个类，在一个地图定义多个 层。
      STYLE
        COLOR      232 30 30
      END
    END
    CLASS
      NAME 'Others'
      STYLE
        COLOR      198 198 255
      END
    END
  END # States polygon layer ends here

  LAYER
    NAME         states_line
    DATA         wcountry.shp
    STATUS       OFF
    TYPE         LINE

    CLASSITEM    "NAME"
    CLASS
      NAME       'China Boundary'
      EXPRESSION 'land'
      STYLE
        COLOR    32 32 32
        width 1
      END
    END

    CLASS
      NAME       'Others Boundary'
      STYLE
        COLOR    150 150 150
        width .4
      END
    END
  END # States line layer ends here
END

