MAP
    NAME "EX2_"
    IMAGETYPE "png24"
    EXTENT 166221 -371954 1505849 632767
    SIZE 400 300
    SHAPEPATH "/gdata/data"
    SYMBOLSET "../symbols/symbols35.sym"
    FONTSET "../fonts/fonts.list"
    TEMPLATEPATTERN "example2*"
    WEB
        TEMPLATE "to be replaced by map_web_template variable in section2.html"
        IMAGEPATH "/owg/ms_tmp/"
        IMAGEURL "/ms_tmp/"
        METADATA
            "wms_title" "WMS Demo Server"
            "wms_onlineresource" "http://192.168.4.211/cgi-bin/mapserv?map=/mstu/htdocs/example2.map&"
            "wms_srs" "EPSG:4269 EPSG:4326"
        END
    END
    PROJECTION
        "init=epsg:2163"
    END
    LEGEND
        KEYSIZE 12 12
        LABEL
            TYPE BITMAP
            SIZE MEDIUM
            COLOR 0 0 89
        END
        STATUS ON
    END
    REFERENCE
        IMAGE "../images/ugl_ref1.png"
        SIZE 155 105
        EXTENT 201621.496941 -294488.285333 1425518.020722 498254.511514
        STATUS ON
        MINBOXSIZE 10
        MAXBOXSIZE 150
        COLOR -1 -1 -1
        OUTLINECOLOR 128 0 0
        MARKERSIZE 8
        MARKER "star"
    END
    SCALEBAR
        IMAGECOLOR 255 255 255
        LABEL
            COLOR 0 0 0
            SIZE TINY
        END
        STYLE 1
        SIZE 100 2
        COLOR 0 0 0
        UNITS MILES
        INTERVALS 2
        TRANSPARENT FALSE
        STATUS ON
    END
    LAYER
        NAME "states"
        DATA "states_ugl"
        STATUS DEFAULT
        TYPE POLYGON
        REQUIRES "![modis] OR ![modis_jpl]"
        METADATA
            "wms_title" "test2"
        END
        PROJECTION
            "init=epsg:4326"
        END
        CLASSITEM "CLASS"
        CLASS
            EXPRESSION "land"
            STYLE
                SYMBOL 0
                COLOR 232 232 232
            END
        END
    END
    LAYER
        NAME "topo"
        DATA "raster/mod09a12003161_ugl_ll_idxa.tif"
        STATUS OFF
        TYPE RASTER
        OFFSITE 70 74 66
        PROJECTION
            "init=epsg:4326"
        END
    END
    LAYER
        NAME "modis_jpl"
        TYPE RASTER
        OFFSITE 0 0 0
        STATUS OFF
        CONNECTIONTYPE WMS
        CONNECTION "http://wms.jpl.nasa.gov/wms.cgi?"
        METADATA
            "wms_srs" "EPSG:4326"
            "wms_name" "daily_terra"
            "wms_server_version" "1.1.1"
            "wms_format" "image/jpeg"
        END
        PROJECTION
            "init=epsg:4326"
        END
    END
    LAYER
        NAME "hydro"
        TYPE POLYGON
        STATUS OFF
        DATA "hydrop_ugl"
        PROJECTION
            "init=epsg:4326"
        END
        CLASSITEM "FEATURE"
        CLASS
            NAME "Lakes"
            EXPRESSION /(^B|^C|^L|^R)./
            STYLE
                COLOR 72 64 254
            END
        END
        CLASS
            NAME "Rivers"
            EXPRESSION "Stream"
            STYLE
                COLOR 136 128 255
            END
        END
        CLASS
            NAME "Wetlands"
            EXPRESSION "Swamp or Marsh"
            STYLE
                COLOR 195 252 255
                OUTLINECOLOR 195 252 255
                SYMBOL "circle"
                SIZE 0
            END
        END
    END
    LAYER
        NAME "cty_roads"
        GROUP "roads"
        TYPE LINE
        STATUS OFF
        DATA "roads_ugl"
        MAXSCALE 750000
        PROJECTION
            "init=epsg:4326"
        END
        CLASSITEM "CLASS1"
        CLASS
            NAME "Minor Arterial Roads"
            EXPRESSION "3"
            STYLE
                COLOR 165 165 165
            END
        END
        CLASS
            EXPRESSION "4"
            STYLE
                COLOR 210 210 210
            END
        END
    END
    LAYER
        NAME "state_hwy"
        GROUP "roads"
        MAXSCALE 1500000
        STATUS OFF
        DATA "roads_ugl"
        TYPE LINE
        FILTERITEM "CLASS1"
        FILTER "2"
        CLASS
            NAME "Principal Arterial Roads"
            STYLE
                COLOR 255 0 0
                SIZE 1
                SYMBOL "circle"
            END
        END
        PROJECTION
            "init=epsg:4326"
        END
    END
    LAYER
        NAME "interstate"
        GROUP "roads"
        STATUS OFF
        DATA "roads_ugl"
        TYPE LINE
        FILTERITEM "CLASS1"
        FILTER "1"
        CLASS
            NAME "Interstate Hwy."
            STYLE
                COLOR 128 0 0
            END
        END
        PROJECTION
            "init=epsg:4326"
        END
    END
    LAYER
        NAME "states"
        DATA "states_ugl"
        STATUS OFF
        TYPE LINE
        PROJECTION
            "init=epsg:4326"
        END
        CLASSITEM "CLASS"
        CLASS
            NAME "State Boundary"
            EXPRESSION "land"
            STYLE
                SYMBOL "line5"
                COLOR 32 32 32
                SIZE 1
            END
        END
    END
    LAYER
        NAME "roads_anno"
        GROUP "roads"
        MAXSCALE 750000
        STATUS OFF
        DATA "roads_ugl"
        TYPE LINE
        LABELITEM "SIGN"
        CLASSITEM "CLASS1"
        CLASS
            EXPRESSION "3"
            STYLE
                COLOR 0 0 0
                SYMBOL "../symbols/sthwy.png"
            END
            LABEL
                MINFEATURESIZE 50
                MINDISTANCE 150
                POSITION CC
                SIZE TINY
                COLOR 0 0 0
            END
        END
        CLASS
            EXPRESSION "2"
            STYLE
                COLOR 0 0 0
                SYMBOL "../symbols/ushwy.png"
            END
            LABEL
                MINFEATURESIZE 50
                MINDISTANCE 150
                POSITION CC
                SIZE TINY
                COLOR 0 0 0
            END
        END
        PROJECTION
            "init=epsg:4326"
        END
    END
    LAYER
        NAME "roads_anno1"
        GROUP "roads"
        STATUS OFF
        DATA "roads_ugl"
        TYPE LINE
        LABELITEM "SIGN"
        CLASSITEM "CLASS1"
        CLASS
            EXPRESSION "1"
            STYLE
                COLOR 0 0 0
                SYMBOL "../../symbols/interstate.png"
            END
            LABEL
                MINFEATURESIZE 20
                MINDISTANCE 150
                POSITION CC
                SIZE TINY
                COLOR 255 255 255
            END
        END
        PROJECTION
            "init=epsg:4326"
        END
    END
    LAYER
        NAME "states"
        DATA "states_ugl"
        STATUS OFF
        TYPE POLYGON
        PROJECTION
            "init=epsg:4326"
        END
        CLASSITEM "CLASS"
        LABELITEM "STATE"
        CLASS
            EXPRESSION "land"
            STYLE
                COLOR -1 -1 -1
            END
            LABEL
                COLOR 132 31 31
                OUTLINECOLOR 128 128 128
                SHADOWCOLOR 218 218 218
                SHADOWSIZE 1 1
                TYPE TRUETYPE
                FONT "arial-bold"
                SIZE 12
                ANTIALIAS TRUE
                POSITION CL
                PARTIALS FALSE
                MINDISTANCE 200
                BUFFER 4
            END
        END
    END
END