# 测试用，有问题

MAP
  IMAGETYPE      PNG
  EXTENT         -180 -90 180 90
  SIZE           600 300
  SHAPEPATH      "/gdata"
  IMAGECOLOR     100 100 100

  WEB
      IMAGEPATH '/tmp/ms_tmp/'
      IMAGEURL  '/ms_tmp/'
  END

  PROJECTION
    "init=epsg:4326"
  END



#############################################################

LAYER
    NAME wcountry_wfs
    TYPE polygon
    OFFSITE 0 0 0
    STATUS on
    CONNECTIONTYPE WFS
    CONNECTION "http://127.0.0.1/cgi-bin/mapserv?map=/owg/mfw1.map&"

    METADATA
        "wfs_version" "1.0.0"
        "wfs_srs" "EPSG:4326"
        "wfs_typename" "world-country"
        # "wfs_typename" "worldcountry"
        "wfs_request_method" "GET"
        "wfs_service" "WFS"
        "wfs_maxfeatures"       "3"
      END

    PROJECTION
    "init=epsg:4326"
    END

    CLASS
          NAME "The Upper Great Lakes States"
          STYLE
            COLOR        50 50 50
            OUTLINECOLOR 200 200 200
          END
    END
END


##########################################################################################

  LAYER # States polygon layer begins here
    NAME         states
    # DATA         states_ugl
    DATA         wcountry.shp
    STATUS       OFF
    TYPE         POLYGON

    # 类对象与图层对象一起定义。你可以定义和
    # 你需要的一样多的类（对图层有限制，但是
    # 在一个正常的地图上定义多于10个是没有意义的。
    # 但是有时候你不得不这样做。）
    CLASS
      NAME "The Upper Great Lakes States"

      # 在一个类中有样式，正如在一个图层中有类别，
      # 就像在一个地图中有图层。你可以在一个类
      # 中定义不同的样式就像你可以在一个图层中
      # 定义不同的类和在一个地图中定义不同的图层。
      STYLE
        COLOR        232 232 232
        OUTLINECOLOR 32 32 32
      END
    END # States polygon layer ends here
  END # End of LAYER DEFINITIONS
END # 所有的地图文件必须结束
